┌ Detail ──────────────────────────────────────────────────┐
│PID: 4242  Class: KILL                                    │
│Command: node dev server                                  │
│Selected: no                                              │
│                                                          │
│Score: 91  Runtime: 3h 12m                                │
│Memory: 1.2 GB                                            │
│                                                          │
│                                                          │
│Galaxy Brain                                              │
│• math ledger pending                                     │
│• posterior odds pending                                  │
│                                                          │
└──────────────────────────────────────────────────────────┘