┌ Search ──────────────────────────────────────────────────────────────────────────────────────────────────────────────┐
│Search processes...                                                                                                   │
└──────────────────────────────────────────────────────────────────────────────────────────────────────────────────────┘
┌ Processes [1/1 selected] [view: score] [Space: toggle, a: rec, A: all┐┌ Detail ──────────────────────────────────────┐
│[ ]│PID     │Score ▼│Class   │Runtime  │Memory  │Command              ││PID: 4242  Class: KILL                        │
│☑  │4242    │91     │KILL    │3h 12m   │1.2 GB  │node dev server      ││Command: node dev server                      │
│                                                                      ││Selected: no                                  │
│                                                                      ││                                              │
│                                                                      ││Score: 91  Runtime: 3h 12m                    │
│                                                                      ││Memory: 1.2 GB                                │
│                                                                      ││                                              │
│                                                                      ││                                              │
│                                                                      ││Evidence                                      │
│                                                                      ││Old + idle + orphaned                         │
│                                                                      ││• PPID=1                                      │
│                             ┌─────────────────── Confirm Execution ────────────────────┐                             │
│                             │        Execute actions on 1 selected process(es)?        │                             │
│                             │                                        ││                │                             │
│                             │                     [ Yes ]  [ No ]    ││                │                             │
│                             │                                        ││                │                             │
│                             │                                        ││                │                             │
│                             │                                        ││                │                             │
│                             │                                        ││                │                             │
│                             │                                        ││                │                             │
│                             └──────────────────────────────────────────────────────────┘                             │
│                                                                      ││                                              │
│                                                                      ││                                              │
│                                                                      ││                                              │
│                                                                      ││                                              │
│                                                                      ││                                              │
│                                                                      ││                                              │
│                                                                      ││                                              │
│                                                                      ││                                              │
│                                                                      ││                                              │
│                                                                      ││                                              │
│                                                                      ││Action                                        │
│                                                                      ││Plan: SIGTERM -> SIGKILL                      │
│                                                                      ││                                              │
└──────────────────────────────────────────────────────────────────────┘└──────────────────────────────────────────────┘
Confirm action on 1 process(es)? | Press ? for help                                                                     