┌ Detail ──────────────────────────────────────────────────┐
│PID: 4242  Class: KILL                                    │
│Command: node dev server                                  │
│Selected: no                                              │
│                                                          │
│Score: 91  Runtime: 3h 12m                                │
│Memory: 1.2 GB                                            │
│                                                          │
│                                                          │
│Galaxy Brain                                              │
│line 0                                                    │
│line 1                                                    │
│line 2                                                    │
│line 3                                                    │
│line 4                                                    │
│line 5                                                    │
│line 6                                                    │
│line 7                                                    │
│line 8                                                    │
│line 9                                                    │
│Notes                                                     │
│• press g to toggle                                       │
│                                                          │
└──────────────────────────────────────────────────────────┘